{
    "-profile test": {
        "content": [
            {
                "DEEPVARIANT_RUNDEEPVARIANT": {
                    "deepvariant": "1.9.0"
                },
                "FASTP": {
                    "fastp": "1.0.1"
                },
                "FASTQC": {
                    "fastqc": "0.12.1"
                },
                "MOSDEPTH": {
                    "mosdepth": "0.3.11"
                },
                "PICARD_COLLECTWGSMETRICS": {
                    "picard": "3.4.0"
                },
                "QC_REPORT": {
                    "python": "3.12.14"
                },
                "SAMTOOLS_FLAGSTAT": {
                    "samtools": "1.22.1"
                },
                "SAMTOOLS_IDXSTATS": {
                    "samtools": "1.22.1"
                },
                "Workflow": {
                    "taylorjohnsonm95/taylordgenes-variant-calling": "v1.0.0"
                }
            },
            [
                "bwamem2",
                "bwamem2/test1.bam",
                "deepvariant",
                "deepvariant/test1.g.vcf.gz",
                "deepvariant/test1.g.vcf.gz.tbi",
                "deepvariant/test1.vcf.gz",
                "deepvariant/test1.vcf.gz.tbi",
                "fastp",
                "fastp/test1.fastp.html",
                "fastp/test1.fastp.json",
                "fastp/test1.fastp.log",
                "fastp/test1_R1.fastp.fastq.gz",
                "fastp/test1_R2.fastp.fastq.gz",
                "fastqc",
                "fastqc/test1_1_fastqc.html",
                "fastqc/test1_1_fastqc.zip",
                "fastqc/test1_2_fastqc.html",
                "fastqc/test1_2_fastqc.zip",
                "mosdepth",
                "mosdepth/test1.mosdepth.global.dist.txt",
                "mosdepth/test1.mosdepth.summary.txt",
                "mosdepth/test1.per-base.bed.gz",
                "mosdepth/test1.per-base.bed.gz.csi",
                "multiqc",
                "multiqc/multiqc_data",
                "multiqc/multiqc_data/fastp-insert-size-plot.txt",
                "multiqc/multiqc_data/fastp-seq-content-gc-plot_Read_1_After_filtering.txt",
                "multiqc/multiqc_data/fastp-seq-content-gc-plot_Read_1_Before_filtering.txt",
                "multiqc/multiqc_data/fastp-seq-content-gc-plot_Read_2_After_filtering.txt",
                "multiqc/multiqc_data/fastp-seq-content-gc-plot_Read_2_Before_filtering.txt",
                "multiqc/multiqc_data/fastp-seq-content-n-plot_Read_1_After_filtering.txt",
                "multiqc/multiqc_data/fastp-seq-content-n-plot_Read_1_Before_filtering.txt",
                "multiqc/multiqc_data/fastp-seq-content-n-plot_Read_2_After_filtering.txt",
                "multiqc/multiqc_data/fastp-seq-content-n-plot_Read_2_Before_filtering.txt",
                "multiqc/multiqc_data/fastp-seq-quality-plot_Read_1_After_filtering.txt",
                "multiqc/multiqc_data/fastp-seq-quality-plot_Read_1_Before_filtering.txt",
                "multiqc/multiqc_data/fastp-seq-quality-plot_Read_2_After_filtering.txt",
                "multiqc/multiqc_data/fastp-seq-quality-plot_Read_2_Before_filtering.txt",
                "multiqc/multiqc_data/fastp_filtered_reads_plot.txt",
                "multiqc/multiqc_data/fastqc-status-check-heatmap.txt",
                "multiqc/multiqc_data/fastqc_adapter_content_plot.txt",
                "multiqc/multiqc_data/fastqc_per_base_n_content_plot.txt",
                "multiqc/multiqc_data/fastqc_per_base_sequence_quality_plot.txt",
                "multiqc/multiqc_data/fastqc_per_sequence_gc_content_plot_Counts.txt",
                "multiqc/multiqc_data/fastqc_per_sequence_gc_content_plot_Percentages.txt",
                "multiqc/multiqc_data/fastqc_per_sequence_quality_scores_plot.txt",
                "multiqc/multiqc_data/fastqc_sequence_counts_plot.txt",
                "multiqc/multiqc_data/fastqc_sequence_duplication_levels_plot.txt",
                "multiqc/multiqc_data/llms-full.txt",
                "multiqc/multiqc_data/multiqc.log",
                "multiqc/multiqc_data/multiqc.parquet",
                "multiqc/multiqc_data/multiqc_citations.txt",
                "multiqc/multiqc_data/multiqc_data.json",
                "multiqc/multiqc_data/multiqc_fastp.txt",
                "multiqc/multiqc_data/multiqc_fastqc.txt",
                "multiqc/multiqc_data/multiqc_general_stats.txt",
                "multiqc/multiqc_data/multiqc_picard_dups.txt",
                "multiqc/multiqc_data/multiqc_picard_wgsmetrics.txt",
                "multiqc/multiqc_data/multiqc_samtools_flagstat.txt",
                "multiqc/multiqc_data/multiqc_samtools_idxstats.txt",
                "multiqc/multiqc_data/multiqc_software_versions.txt",
                "multiqc/multiqc_data/multiqc_sources.txt",
                "multiqc/multiqc_data/picard_MarkIlluminaAdapters_histogram.txt",
                "multiqc/multiqc_data/picard_MeanQualityByCycle_histogram.txt",
                "multiqc/multiqc_data/picard_MeanQualityByCycle_histogram_1.txt",
                "multiqc/multiqc_data/picard_QualityScoreDistribution_histogram.txt",
                "multiqc/multiqc_data/picard_deduplication.txt",
                "multiqc/multiqc_data/picard_wgs_metrics_bases.txt",
                "multiqc/multiqc_data/picard_wgs_metrics_histogram_Counts_Histogram.txt",
                "multiqc/multiqc_data/picard_wgs_metrics_histogram_Percentage_Drop-Off.txt",
                "multiqc/multiqc_data/samtools-flagstat-pct-table.txt",
                "multiqc/multiqc_data/samtools-flagstat-table.txt",
                "multiqc/multiqc_data/samtools-idxstats-mapped-reads-plot_Normalised_Counts.txt",
                "multiqc/multiqc_data/samtools-idxstats-mapped-reads-plot_Observed_over_Expected_Counts.txt",
                "multiqc/multiqc_data/samtools-idxstats-mapped-reads-plot_Raw_Counts.txt",
                "multiqc/multiqc_plots",
                "multiqc/multiqc_plots/pdf",
                "multiqc/multiqc_plots/pdf/fastp-insert-size-plot.pdf",
                "multiqc/multiqc_plots/pdf/fastp-seq-content-gc-plot_Read_1_After_filtering.pdf",
                "multiqc/multiqc_plots/pdf/fastp-seq-content-gc-plot_Read_1_Before_filtering.pdf",
                "multiqc/multiqc_plots/pdf/fastp-seq-content-gc-plot_Read_2_After_filtering.pdf",
                "multiqc/multiqc_plots/pdf/fastp-seq-content-gc-plot_Read_2_Before_filtering.pdf",
                "multiqc/multiqc_plots/pdf/fastp-seq-content-n-plot_Read_1_After_filtering.pdf",
                "multiqc/multiqc_plots/pdf/fastp-seq-content-n-plot_Read_1_Before_filtering.pdf",
                "multiqc/multiqc_plots/pdf/fastp-seq-content-n-plot_Read_2_After_filtering.pdf",
                "multiqc/multiqc_plots/pdf/fastp-seq-content-n-plot_Read_2_Before_filtering.pdf",
                "multiqc/multiqc_plots/pdf/fastp-seq-quality-plot_Read_1_After_filtering.pdf",
                "multiqc/multiqc_plots/pdf/fastp-seq-quality-plot_Read_1_Before_filtering.pdf",
                "multiqc/multiqc_plots/pdf/fastp-seq-quality-plot_Read_2_After_filtering.pdf",
                "multiqc/multiqc_plots/pdf/fastp-seq-quality-plot_Read_2_Before_filtering.pdf",
                "multiqc/multiqc_plots/pdf/fastp_filtered_reads_plot-cnt.pdf",
                "multiqc/multiqc_plots/pdf/fastp_filtered_reads_plot-pct.pdf",
                "multiqc/multiqc_plots/pdf/fastqc-status-check-heatmap.pdf",
                "multiqc/multiqc_plots/pdf/fastqc_adapter_content_plot.pdf",
                "multiqc/multiqc_plots/pdf/fastqc_per_base_n_content_plot.pdf",
                "multiqc/multiqc_plots/pdf/fastqc_per_base_sequence_quality_plot.pdf",
                "multiqc/multiqc_plots/pdf/fastqc_per_sequence_gc_content_plot_Counts.pdf",
                "multiqc/multiqc_plots/pdf/fastqc_per_sequence_gc_content_plot_Percentages.pdf",
                "multiqc/multiqc_plots/pdf/fastqc_per_sequence_quality_scores_plot.pdf",
                "multiqc/multiqc_plots/pdf/fastqc_sequence_counts_plot-cnt.pdf",
                "multiqc/multiqc_plots/pdf/fastqc_sequence_counts_plot-pct.pdf",
                "multiqc/multiqc_plots/pdf/fastqc_sequence_duplication_levels_plot.pdf",
                "multiqc/multiqc_plots/pdf/picard_deduplication-cnt.pdf",
                "multiqc/multiqc_plots/pdf/picard_deduplication-pct.pdf",
                "multiqc/multiqc_plots/pdf/picard_wgs_metrics_bases.pdf",
                "multiqc/multiqc_plots/pdf/picard_wgs_metrics_histogram_Counts_Histogram.pdf",
                "multiqc/multiqc_plots/pdf/picard_wgs_metrics_histogram_Percentage_Drop-Off.pdf",
                "multiqc/multiqc_plots/pdf/samtools-flagstat-pct-table.pdf",
                "multiqc/multiqc_plots/pdf/samtools-flagstat-table.pdf",
                "multiqc/multiqc_plots/pdf/samtools-idxstats-mapped-reads-plot_Normalised_Counts-cnt.pdf",
                "multiqc/multiqc_plots/pdf/samtools-idxstats-mapped-reads-plot_Normalised_Counts-log.pdf",
                "multiqc/multiqc_plots/pdf/samtools-idxstats-mapped-reads-plot_Observed_over_Expected_Counts-cnt.pdf",
                "multiqc/multiqc_plots/pdf/samtools-idxstats-mapped-reads-plot_Observed_over_Expected_Counts-log.pdf",
                "multiqc/multiqc_plots/pdf/samtools-idxstats-mapped-reads-plot_Raw_Counts-cnt.pdf",
                "multiqc/multiqc_plots/pdf/samtools-idxstats-mapped-reads-plot_Raw_Counts-log.pdf",
                "multiqc/multiqc_plots/png",
                "multiqc/multiqc_plots/png/fastp-insert-size-plot.png",
                "multiqc/multiqc_plots/png/fastp-seq-content-gc-plot_Read_1_After_filtering.png",
                "multiqc/multiqc_plots/png/fastp-seq-content-gc-plot_Read_1_Before_filtering.png",
                "multiqc/multiqc_plots/png/fastp-seq-content-gc-plot_Read_2_After_filtering.png",
                "multiqc/multiqc_plots/png/fastp-seq-content-gc-plot_Read_2_Before_filtering.png",
                "multiqc/multiqc_plots/png/fastp-seq-content-n-plot_Read_1_After_filtering.png",
                "multiqc/multiqc_plots/png/fastp-seq-content-n-plot_Read_1_Before_filtering.png",
                "multiqc/multiqc_plots/png/fastp-seq-content-n-plot_Read_2_After_filtering.png",
                "multiqc/multiqc_plots/png/fastp-seq-content-n-plot_Read_2_Before_filtering.png",
                "multiqc/multiqc_plots/png/fastp-seq-quality-plot_Read_1_After_filtering.png",
                "multiqc/multiqc_plots/png/fastp-seq-quality-plot_Read_1_Before_filtering.png",
                "multiqc/multiqc_plots/png/fastp-seq-quality-plot_Read_2_After_filtering.png",
                "multiqc/multiqc_plots/png/fastp-seq-quality-plot_Read_2_Before_filtering.png",
                "multiqc/multiqc_plots/png/fastp_filtered_reads_plot-cnt.png",
                "multiqc/multiqc_plots/png/fastp_filtered_reads_plot-pct.png",
                "multiqc/multiqc_plots/png/fastqc-status-check-heatmap.png",
                "multiqc/multiqc_plots/png/fastqc_adapter_content_plot.png",
                "multiqc/multiqc_plots/png/fastqc_per_base_n_content_plot.png",
                "multiqc/multiqc_plots/png/fastqc_per_base_sequence_quality_plot.png",
                "multiqc/multiqc_plots/png/fastqc_per_sequence_gc_content_plot_Counts.png",
                "multiqc/multiqc_plots/png/fastqc_per_sequence_gc_content_plot_Percentages.png",
                "multiqc/multiqc_plots/png/fastqc_per_sequence_quality_scores_plot.png",
                "multiqc/multiqc_plots/png/fastqc_sequence_counts_plot-cnt.png",
                "multiqc/multiqc_plots/png/fastqc_sequence_counts_plot-pct.png",
                "multiqc/multiqc_plots/png/fastqc_sequence_duplication_levels_plot.png",
                "multiqc/multiqc_plots/png/picard_deduplication-cnt.png",
                "multiqc/multiqc_plots/png/picard_deduplication-pct.png",
                "multiqc/multiqc_plots/png/picard_wgs_metrics_bases.png",
                "multiqc/multiqc_plots/png/picard_wgs_metrics_histogram_Counts_Histogram.png",
                "multiqc/multiqc_plots/png/picard_wgs_metrics_histogram_Percentage_Drop-Off.png",
                "multiqc/multiqc_plots/png/samtools-flagstat-pct-table.png",
                "multiqc/multiqc_plots/png/samtools-flagstat-table.png",
                "multiqc/multiqc_plots/png/samtools-idxstats-mapped-reads-plot_Normalised_Counts-cnt.png",
                "multiqc/multiqc_plots/png/samtools-idxstats-mapped-reads-plot_Normalised_Counts-log.png",
                "multiqc/multiqc_plots/png/samtools-idxstats-mapped-reads-plot_Observed_over_Expected_Counts-cnt.png",
                "multiqc/multiqc_plots/png/samtools-idxstats-mapped-reads-plot_Observed_over_Expected_Counts-log.png",
                "multiqc/multiqc_plots/png/samtools-idxstats-mapped-reads-plot_Raw_Counts-cnt.png",
                "multiqc/multiqc_plots/png/samtools-idxstats-mapped-reads-plot_Raw_Counts-log.png",
                "multiqc/multiqc_plots/svg",
                "multiqc/multiqc_plots/svg/fastp-insert-size-plot.svg",
                "multiqc/multiqc_plots/svg/fastp-seq-content-gc-plot_Read_1_After_filtering.svg",
                "multiqc/multiqc_plots/svg/fastp-seq-content-gc-plot_Read_1_Before_filtering.svg",
                "multiqc/multiqc_plots/svg/fastp-seq-content-gc-plot_Read_2_After_filtering.svg",
                "multiqc/multiqc_plots/svg/fastp-seq-content-gc-plot_Read_2_Before_filtering.svg",
                "multiqc/multiqc_plots/svg/fastp-seq-content-n-plot_Read_1_After_filtering.svg",
                "multiqc/multiqc_plots/svg/fastp-seq-content-n-plot_Read_1_Before_filtering.svg",
                "multiqc/multiqc_plots/svg/fastp-seq-content-n-plot_Read_2_After_filtering.svg",
                "multiqc/multiqc_plots/svg/fastp-seq-content-n-plot_Read_2_Before_filtering.svg",
                "multiqc/multiqc_plots/svg/fastp-seq-quality-plot_Read_1_After_filtering.svg",
                "multiqc/multiqc_plots/svg/fastp-seq-quality-plot_Read_1_Before_filtering.svg",
                "multiqc/multiqc_plots/svg/fastp-seq-quality-plot_Read_2_After_filtering.svg",
                "multiqc/multiqc_plots/svg/fastp-seq-quality-plot_Read_2_Before_filtering.svg",
                "multiqc/multiqc_plots/svg/fastp_filtered_reads_plot-cnt.svg",
                "multiqc/multiqc_plots/svg/fastp_filtered_reads_plot-pct.svg",
                "multiqc/multiqc_plots/svg/fastqc-status-check-heatmap.svg",
                "multiqc/multiqc_plots/svg/fastqc_adapter_content_plot.svg",
                "multiqc/multiqc_plots/svg/fastqc_per_base_n_content_plot.svg",
                "multiqc/multiqc_plots/svg/fastqc_per_base_sequence_quality_plot.svg",
                "multiqc/multiqc_plots/svg/fastqc_per_sequence_gc_content_plot_Counts.svg",
                "multiqc/multiqc_plots/svg/fastqc_per_sequence_gc_content_plot_Percentages.svg",
                "multiqc/multiqc_plots/svg/fastqc_per_sequence_quality_scores_plot.svg",
                "multiqc/multiqc_plots/svg/fastqc_sequence_counts_plot-cnt.svg",
                "multiqc/multiqc_plots/svg/fastqc_sequence_counts_plot-pct.svg",
                "multiqc/multiqc_plots/svg/fastqc_sequence_duplication_levels_plot.svg",
                "multiqc/multiqc_plots/svg/picard_deduplication-cnt.svg",
                "multiqc/multiqc_plots/svg/picard_deduplication-pct.svg",
                "multiqc/multiqc_plots/svg/picard_wgs_metrics_bases.svg",
                "multiqc/multiqc_plots/svg/picard_wgs_metrics_histogram_Counts_Histogram.svg",
                "multiqc/multiqc_plots/svg/picard_wgs_metrics_histogram_Percentage_Drop-Off.svg",
                "multiqc/multiqc_plots/svg/samtools-flagstat-pct-table.svg",
                "multiqc/multiqc_plots/svg/samtools-flagstat-table.svg",
                "multiqc/multiqc_plots/svg/samtools-idxstats-mapped-reads-plot_Normalised_Counts-cnt.svg",
                "multiqc/multiqc_plots/svg/samtools-idxstats-mapped-reads-plot_Normalised_Counts-log.svg",
                "multiqc/multiqc_plots/svg/samtools-idxstats-mapped-reads-plot_Observed_over_Expected_Counts-cnt.svg",
                "multiqc/multiqc_plots/svg/samtools-idxstats-mapped-reads-plot_Observed_over_Expected_Counts-log.svg",
                "multiqc/multiqc_plots/svg/samtools-idxstats-mapped-reads-plot_Raw_Counts-cnt.svg",
                "multiqc/multiqc_plots/svg/samtools-idxstats-mapped-reads-plot_Raw_Counts-log.svg",
                "multiqc/multiqc_report.html",
                "picard",
                "picard/test1.CollectWgsMetrics.coverage_metrics",
                "picard/test1.markdup.MarkDuplicates.metrics.txt",
                "picard/test1.markdup.bai",
                "picard/test1.markdup.bam",
                "pipeline_info",
                "pipeline_info/variant_calling_software_mqc_versions.yml",
                "qc_report",
                "qc_report/qc_report.csv",
                "samtools",
                "samtools/test1.flagstat",
                "samtools/test1.idxstats"
            ],
            [
                "test1.bam:md5,97b43f6a94313b64ef673f3fd87d9041",
                "test1.g.vcf.gz:md5,2428373e17a4e10fd05470fc8ffbc1f0",
                "test1.g.vcf.gz.tbi:md5,5425192cf26a30cb7781b544105a190a",
                "test1.vcf.gz:md5,64315490bf004b5e2135923fc2a627d9",
                "test1.vcf.gz.tbi:md5,be1bc03ac69a407490f6aafb9e668275",
                "test1.fastp.html:md5,c2b2f7346b14753ec5149d28c7081702",
                "test1.fastp.json:md5,4398d209f1d04c70ea700ff597bd97b3",
                "test1.fastp.log:md5,ee036a2baeb6b007307a125544ff8cd9",
                "test1_R1.fastp.fastq.gz:md5,e4151abe3bd6499f01eab97345fa8f4c",
                "test1_R2.fastp.fastq.gz:md5,85115a94100efce9ca0700cddd48eefe",
                "test1.mosdepth.global.dist.txt:md5,d2a1becc5450b49c1a0850e86b6dd21d",
                "test1.mosdepth.summary.txt:md5,7345ba0a37cee1255d36fd2ec56f435e",
                "test1.per-base.bed.gz:md5,d651c1c9f42712f9cd1615194ff81e52",
                "test1.per-base.bed.gz.csi:md5,afcf783d7cf76adc9bae7c32e16ed4c3",
                "fastp-insert-size-plot.txt:md5,2334c59a462535343dbb47f6722fb437",
                "fastp-seq-content-gc-plot_Read_1_After_filtering.txt:md5,542bd5393f13cf876923d37065441b6a",
                "fastp-seq-content-gc-plot_Read_1_Before_filtering.txt:md5,f0e684a249d851b6803eed99eb11c338",
                "fastp-seq-content-gc-plot_Read_2_After_filtering.txt:md5,b4eb0e7b06e65a5b8c9f9ad1060a3d4c",
                "fastp-seq-content-gc-plot_Read_2_Before_filtering.txt:md5,df2dd901cddabfc3bff74582822bdb7d",
                "fastp-seq-content-n-plot_Read_1_After_filtering.txt:md5,808e1985d83799001b62619f23b54e21",
                "fastp-seq-content-n-plot_Read_1_Before_filtering.txt:md5,e00a672a28ae4e939cdf0964f55cc393",
                "fastp-seq-content-n-plot_Read_2_After_filtering.txt:md5,e2aa744d9e94651a7a83bb78ce33e0ca",
                "fastp-seq-content-n-plot_Read_2_Before_filtering.txt:md5,e2aa744d9e94651a7a83bb78ce33e0ca",
                "fastp-seq-quality-plot_Read_1_After_filtering.txt:md5,43310e5ccea9eb2a2e9a0778ef60ecde",
                "fastp-seq-quality-plot_Read_1_Before_filtering.txt:md5,dce6da2530716e8b36082ebb807ea839",
                "fastp-seq-quality-plot_Read_2_After_filtering.txt:md5,f7bef58951dcd19fbf2f82a8d52be049",
                "fastp-seq-quality-plot_Read_2_Before_filtering.txt:md5,64aa5f47d3ef28a967fba1f38a2c88ab",
                "fastp_filtered_reads_plot.txt:md5,2acc7c4de851dadb0eaa032a553582bb",
                "fastqc-status-check-heatmap.txt:md5,96d31971ce9836ae6d9d9df308593aeb",
                "fastqc_adapter_content_plot.txt:md5,6e1aac736838d754d7e30a2d51353b16",
                "fastqc_per_base_n_content_plot.txt:md5,bd7afe2b210ab4809b5e31549bd7ea4b",
                "fastqc_per_base_sequence_quality_plot.txt:md5,9ff6c2b9b0d03b5e6e7d88c7f7b0623e",
                "fastqc_per_sequence_gc_content_plot_Counts.txt:md5,7f8f7260d8051eaf79923e2bda0e426b",
                "fastqc_per_sequence_gc_content_plot_Percentages.txt:md5,ac33f17791360ff8b099199f18dd21c7",
                "fastqc_per_sequence_quality_scores_plot.txt:md5,a2d7e0b2d10d8d04a8d0f53e53192b74",
                "fastqc_sequence_counts_plot.txt:md5,1c3b56fff7464c4269e5c66d9a0c9b6d",
                "fastqc_sequence_duplication_levels_plot.txt:md5,0df7092de8b236273a7d106b784f5d1c",
                "multiqc_citations.txt:md5,bae55742cdf0e8695f4317fc7158c07c",
                "multiqc_fastp.txt:md5,fdaa21db07d57167b1c084e300762510",
                "multiqc_fastqc.txt:md5,927ff3799a47a79859c02c7794bfc364",
                "multiqc_general_stats.txt:md5,9b840691757d96a13ed1e6d23d976d40",
                "multiqc_picard_dups.txt:md5,b31c7af41611a006b1ebda5bc5787ca2",
                "multiqc_picard_wgsmetrics.txt:md5,350a351c279a157edf6f99beb82f0628",
                "multiqc_samtools_flagstat.txt:md5,9b710265f4fb45d459f92938bbd600b3",
                "multiqc_samtools_idxstats.txt:md5,952d7a131a9d5fb7a9c243afb305aef2",
                "picard_MarkIlluminaAdapters_histogram.txt:md5,d41d8cd98f00b204e9800998ecf8427e",
                "picard_MeanQualityByCycle_histogram.txt:md5,d41d8cd98f00b204e9800998ecf8427e",
                "picard_MeanQualityByCycle_histogram_1.txt:md5,d41d8cd98f00b204e9800998ecf8427e",
                "picard_QualityScoreDistribution_histogram.txt:md5,d41d8cd98f00b204e9800998ecf8427e",
                "picard_deduplication.txt:md5,c97f0e98d4239dca626ad54943ddaae5",
                "picard_wgs_metrics_bases.txt:md5,e7484dd5ee6828fa39fca4f01c3e2c00",
                "picard_wgs_metrics_histogram_Counts_Histogram.txt:md5,391512d56822aa020efc4f97e3ae61f7",
                "picard_wgs_metrics_histogram_Percentage_Drop-Off.txt:md5,97e226e05bb259cabc8aa56b7e06ff2f",
                "samtools-flagstat-pct-table.txt:md5,88a1c9f7e42bc1aa97f0701af1be2687",
                "samtools-flagstat-table.txt:md5,1036e3973234d00b3dded73d94b08ba1",
                "samtools-idxstats-mapped-reads-plot_Normalised_Counts.txt:md5,94be7fe84a60fba2c8303bc1e1220444",
                "samtools-idxstats-mapped-reads-plot_Observed_over_Expected_Counts.txt:md5,94be7fe84a60fba2c8303bc1e1220444",
                "samtools-idxstats-mapped-reads-plot_Raw_Counts.txt:md5,0148cdf30da633287e7651349ed184c7",
                "test1.CollectWgsMetrics.coverage_metrics:md5,471721417c66428937b56a3a33638e19",
                "test1.markdup.MarkDuplicates.metrics.txt:md5,1b7af15c138da22730b1e21e4409cc51",
                "test1.markdup.bai:md5,7db9c45ed4ac30a13cf6473a85fa9fee",
                "test1.markdup.bam:md5,15096a4bd6bcbb426e307217fda999ab",
                "qc_report.csv:md5,61ca1bff1eeddb305e38050f8ad5f69d",
                "test1.flagstat:md5,52c138e01490cba2d1e7ff80f72f034c",
                "test1.idxstats:md5,c820b9a7f34cb1cf67a440a91e7363a9"
            ]
        ],
        "timestamp": "2026-09-04T14:51:15.649047935",
        "meta": {
            "nf-test": "0.9.5",
            "nextflow": "26.04.6"
        }
    }
}
